2026-08-01 08:00:00 ERROR Null pointer exception in payment module 
2026-08-01 08:04:20 ERROR Null pointer exception in payment module 
2026-08-01 08:06:23 ERROR Authentication token expired
2026-08-01 08:09:40 ERROR Failed to connect to database
2026-08-01 08:14:23 ERROR Disk space critically low
2026-08-01 08:16:03 ERROR Authentication token expired
2026-08-01 08:20:02 ERROR Null pointer exception in payment module 
2026-08-01 08:21:50 WARNING High memory usage
2026-08-01 08:22:07 WARNING Deprecated API endpoint called
2026-08-01 08:25:20 ERROR Authentication token expired
2026-08-01 08:29:48 WARNING High memory usage
2026-08-01 08:31:53 ERROR Failed to connect to database
2026-08-01 08:34:03 WARNING Slow query detected
2026-08-01 08:34:45 ERROR Null pointer exception in payment module 
2026-08-01 08:39:40 WARNING Slow query detected
2026-08-01 08:43:58 ERROR Authentication token expired
2026-08-01 08:45:28 ERROR Disk space critically low
2026-08-01 08:50:13 WARNING Deprecated API endpoint called
2026-08-01 08:51:13 ERROR Disk space critically low
2026-08-01 08:53:01 ERROR Authentication token expired
2026-08-01 08:58:00 ERROR Failed to connect to database
2026-08-01 08:58:59 WARNING Slow query detected
2026-08-01 09:01:58 ERROR Failed to connect to database
2026-08-01 09:05:05 ERROR Disk space critically low
2026-08-01 09:05:51 INFO New user registered
2026-08-01 09:09:46 INFO User logged in
2026-08-01 09:11:32 ERROR Timeout on request
2026-08-01 09:13:31 WARNING Deprecated API endpoint called
2026-08-01 09:17:51 INFO User viewed dashboard
2026-08-01 09:18:24 ERROR Null pointer exception in payment module 
2026-08-01 09:18:53 WARNING Deprecated API endpoint called
2026-08-01 09:22:53 WARNING Retry limit approaching
2026-08-01 09:23:21 WARNING Slow query detected
2026-08-01 09:25:40 ERROR Disk space critically low
2026-08-01 09:27:31 ERROR Authentication token expired
2026-08-01 09:28:22 WARNING Retry limit approaching
2026-08-01 09:30:58 WARNING Retry limit approaching
2026-08-01 09:34:07 INFO User logged in
2026-08-01 09:37:17 ERROR Failed to connect to database
2026-08-01 09:39:41 WARNING Retry limit approaching
2026-08-01 09:40:47 ERROR Timeout on request
2026-08-01 09:43:23 INFO User logged out
2026-08-01 09:43:37 ERROR Authentication token expired
2026-08-01 09:44:33 ERROR Authentication token expired
2026-08-01 09:48:38 ERROR Null pointer exception in payment module 
2026-08-01 09:49:42 WARNING High memory usage
2026-08-01 09:53:26 ERROR Failed to connect to database
2026-08-01 09:54:02 ERROR Null pointer exception in payment module 
2026-08-01 09:56:03 ERROR Failed to connect to database
2026-08-01 09:58:53 WARNING Retry limit approaching
2026-08-01 10:01:25 INFO User logged in
2026-08-01 10:04:06 ERROR Timeout on request
2026-08-01 10:08:18 ERROR Authentication token expired
2026-08-01 10:10:40 ERROR Null pointer exception in payment module 
2026-08-01 10:12:50 WARNING High memory usage
2026-08-01 10:13:09 ERROR Authentication token expired
2026-08-01 10:17:09 WARNING Deprecated API endpoint called
2026-08-01 10:21:35 ERROR Disk space critically low
2026-08-01 10:26:01 INFO User logged out
2026-08-01 10:30:44 ERROR Failed to connect to database
2026-08-01 10:34:53 INFO Payment processed successfully
2026-08-01 10:36:22 WARNING High memory usage
2026-08-01 10:40:40 ERROR Failed to connect to database
2026-08-01 10:44:42 ERROR Authentication token expired
2026-08-01 10:45:01 WARNING High memory usage
2026-08-01 10:45:31 ERROR Timeout on request
2026-08-01 10:48:23 ERROR Null pointer exception in payment module 
2026-08-01 10:53:22 ERROR Null pointer exception in payment module 
2026-08-01 10:53:28 ERROR Timeout on request
2026-08-01 10:54:54 WARNING Retry limit approaching
2026-08-01 10:56:25 ERROR Null pointer exception in payment module 
2026-08-01 11:00:36 WARNING High memory usage
2026-08-01 11:00:58 ERROR Null pointer exception in payment module 
2026-08-01 11:01:35 ERROR Authentication token expired
2026-08-01 11:04:19 ERROR Disk space critically low
2026-08-01 11:06:15 ERROR Null pointer exception in payment module 
2026-08-01 11:10:47 ERROR Null pointer exception in payment module 
2026-08-01 11:13:08 ERROR Failed to connect to database
2026-08-01 11:17:13 ERROR Authentication token expired
2026-08-01 11:17:48 ERROR Timeout on request
2026-08-01 11:20:57 INFO New user registered
2026-08-01 11:22:46 WARNING Slow query detected
2026-08-01 11:26:30 ERROR Null pointer exception in payment module 
2026-08-01 11:30:43 ERROR Disk space critically low
2026-08-01 11:35:38 INFO User logged in
2026-08-01 11:37:29 ERROR Authentication token expired
2026-08-01 11:42:19 ERROR Failed to connect to database
2026-08-01 11:46:14 INFO User logged out
2026-08-01 11:50:36 INFO User logged in
2026-08-01 11:53:59 ERROR Failed to connect to database
2026-08-01 11:57:51 WARNING High memory usage
2026-08-01 11:58:39 WARNING High memory usage
2026-08-01 11:59:21 ERROR Timeout on request
2026-08-01 12:03:52 ERROR Null pointer exception in payment module 
2026-08-01 12:04:45 ERROR Timeout on request
2026-08-01 12:06:11 ERROR Disk space critically low
2026-08-01 12:07:19 WARNING High memory usage
2026-08-01 12:09:48 WARNING Retry limit approaching
2026-08-01 12:13:10 WARNING High memory usage
2026-08-01 12:13:11 ERROR Timeout on request
2026-08-01 12:17:02 WARNING Retry limit approaching
2026-08-01 12:18:55 ERROR Null pointer exception in payment module 
2026-08-01 12:21:22 ERROR Failed to connect to database
2026-08-01 12:25:32 ERROR Timeout on request
2026-08-01 12:28:07 INFO Payment processed successfully
2026-08-01 12:31:08 ERROR Timeout on request
2026-08-01 12:34:49 WARNING High memory usage
2026-08-01 12:36:12 ERROR Timeout on request
2026-08-01 12:36:58 ERROR Failed to connect to database
2026-08-01 12:40:00 WARNING Slow query detected
2026-08-01 12:43:58 ERROR Authentication token expired
2026-08-01 12:48:00 ERROR Failed to connect to database
2026-08-01 12:49:05 INFO User logged out
2026-08-01 12:49:18 WARNING High memory usage
2026-08-01 12:51:16 ERROR Null pointer exception in payment module 
2026-08-01 12:53:28 WARNING Retry limit approaching
2026-08-01 12:54:37 ERROR Authentication token expired
2026-08-01 12:58:17 ERROR Authentication token expired
2026-08-01 12:58:34 ERROR Disk space critically low
2026-08-01 13:02:52 ERROR Null pointer exception in payment module 
2026-08-01 13:03:03 WARNING Slow query detected
2026-08-01 13:06:28 ERROR Null pointer exception in payment module 
2026-08-01 13:09:11 ERROR Disk space critically low
2026-08-01 13:10:45 ERROR Authentication token expired
2026-08-01 13:14:13 ERROR Disk space critically low
2026-08-01 13:14:55 INFO New user registered
2026-08-01 13:17:48 INFO New user registered
2026-08-01 13:22:19 INFO Payment processed successfully
2026-08-01 13:23:24 INFO User logged out
2026-08-01 13:27:44 INFO User logged in
2026-08-01 13:30:24 WARNING Slow query detected
2026-08-01 13:34:00 ERROR Disk space critically low
2026-08-01 13:35:31 ERROR Authentication token expired
2026-08-01 13:36:42 ERROR Failed to connect to database
2026-08-01 13:40:14 INFO New user registered
2026-08-01 13:40:30 ERROR Authentication token expired
2026-08-01 13:43:01 ERROR Null pointer exception in payment module 
2026-08-01 13:45:15 WARNING High memory usage
2026-08-01 13:45:37 INFO User logged out
2026-08-01 13:48:41 ERROR Timeout on request
2026-08-01 13:49:41 ERROR Failed to connect to database
2026-08-01 13:53:35 ERROR Disk space critically low
2026-08-01 13:54:33 INFO User logged out
2026-08-01 13:57:43 WARNING Deprecated API endpoint called
2026-08-01 13:58:42 ERROR Timeout on request
2026-08-01 13:59:53 ERROR Failed to connect to database
2026-08-01 14:00:43 INFO User logged in
2026-08-01 14:05:11 ERROR Disk space critically low
2026-08-01 14:05:31 ERROR Timeout on request
2026-08-01 14:08:53 ERROR Null pointer exception in payment module 
2026-08-01 14:13:44 WARNING High memory usage
2026-08-01 14:14:52 WARNING High memory usage
2026-08-01 14:15:03 INFO User viewed dashboard
2026-08-01 14:16:17 ERROR Timeout on request
2026-08-01 14:18:13 ERROR Null pointer exception in payment module 
2026-08-01 14:21:24 ERROR Failed to connect to database
2026-08-01 14:25:48 ERROR Null pointer exception in payment module 
2026-08-01 14:29:57 ERROR Null pointer exception in payment module 
2026-08-01 14:33:38 WARNING Slow query detected
2026-08-01 14:37:27 ERROR Authentication token expired
2026-08-01 14:37:56 WARNING Slow query detected
2026-08-01 14:39:01 INFO User logged out
2026-08-01 14:42:29 INFO Payment processed successfully
2026-08-01 14:47:17 ERROR Disk space critically low
2026-08-01 14:48:05 ERROR Authentication token expired
2026-08-01 14:52:37 ERROR Timeout on request
2026-08-01 14:54:56 ERROR Null pointer exception in payment module 
2026-08-01 14:57:15 INFO User viewed dashboard
2026-08-01 15:00:29 ERROR Timeout on request
2026-08-01 15:00:44 ERROR Disk space critically low
2026-08-01 15:03:15 WARNING Slow query detected
2026-08-01 15:06:20 ERROR Failed to connect to database
2026-08-01 15:10:57 WARNING Retry limit approaching
2026-08-01 15:13:58 WARNING Retry limit approaching
2026-08-01 15:16:11 ERROR Authentication token expired
2026-08-01 15:18:27 INFO User logged out
2026-08-01 15:23:06 ERROR Disk space critically low
2026-08-01 15:26:26 ERROR Disk space critically low
2026-08-01 15:27:44 ERROR Null pointer exception in payment module 
2026-08-01 15:28:16 INFO User viewed dashboard
2026-08-01 15:31:51 WARNING Slow query detected
2026-08-01 15:36:05 INFO User logged in
2026-08-01 15:40:21 WARNING Slow query detected
2026-08-01 15:45:13 ERROR Failed to connect to database
2026-08-01 15:45:57 ERROR Authentication token expired
2026-08-01 15:46:05 ERROR Null pointer exception in payment module 
2026-08-01 15:48:39 INFO User logged in
2026-08-01 15:48:45 INFO User logged out
2026-08-01 15:52:18 ERROR Authentication token expired
2026-08-01 15:53:17 ERROR Authentication token expired
2026-08-01 15:53:44 ERROR Authentication token expired
2026-08-01 15:56:32 INFO User logged in
2026-08-01 16:01:12 ERROR Authentication token expired
2026-08-01 16:02:01 WARNING Slow query detected
2026-08-01 16:06:55 ERROR Null pointer exception in payment module 
2026-08-01 16:10:19 ERROR Authentication token expired
2026-08-01 16:14:09 ERROR Authentication token expired
2026-08-01 16:15:15 INFO User logged out
2026-08-01 16:15:20 ERROR Null pointer exception in payment module 
2026-08-01 16:16:21 ERROR Timeout on request
2026-08-01 16:19:23 WARNING Retry limit approaching
2026-08-01 16:23:40 INFO Payment processed successfully
2026-08-01 16:28:15 ERROR Authentication token expired
2026-08-01 16:30:08 WARNING Deprecated API endpoint called
2026-08-01 16:32:42 ERROR Authentication token expired
2026-08-01 16:37:22 ERROR Timeout on request
2026-08-01 16:40:08 ERROR Null pointer exception in payment module 
2026-08-01 16:41:18 ERROR Failed to connect to database
2026-08-01 16:44:47 ERROR Authentication token expired
2026-08-01 16:47:24 ERROR Failed to connect to database
2026-08-01 16:51:57 WARNING Deprecated API endpoint called
2026-08-01 16:56:37 ERROR Timeout on request
2026-08-01 17:01:36 ERROR Authentication token expired
2026-08-01 17:06:21 ERROR Failed to connect to database
2026-08-01 17:08:26 WARNING Slow query detected
2026-08-01 17:09:36 ERROR Authentication token expired
2026-08-01 17:11:39 ERROR Failed to connect to database
2026-08-01 17:13:56 ERROR Authentication token expired
2026-08-01 17:18:04 ERROR Null pointer exception in payment module 
2026-08-01 17:19:24 ERROR Failed to connect to database
2026-08-01 17:22:58 ERROR Authentication token expired
2026-08-01 17:27:41 ERROR Disk space critically low
2026-08-01 17:30:56 ERROR Disk space critically low
2026-08-01 17:31:18 ERROR Null pointer exception in payment module 
2026-08-01 17:32:38 ERROR Timeout on request
2026-08-01 17:37:13 WARNING Retry limit approaching
2026-08-01 17:40:21 ERROR Authentication token expired
2026-08-01 17:45:03 INFO User logged in
2026-08-01 17:45:29 WARNING Deprecated API endpoint called
2026-08-01 17:48:59 WARNING Retry limit approaching
2026-08-01 17:49:24 ERROR Authentication token expired
2026-08-01 17:52:25 ERROR Authentication token expired
2026-08-01 17:54:59 WARNING Retry limit approaching
2026-08-01 17:56:28 WARNING Deprecated API endpoint called
2026-08-01 18:01:27 ERROR Null pointer exception in payment module 
2026-08-01 18:02:54 WARNING Retry limit approaching
2026-08-01 18:06:40 WARNING Slow query detected
2026-08-01 18:09:14 WARNING Retry limit approaching
2026-08-01 18:12:55 WARNING Retry limit approaching
2026-08-01 18:16:15 WARNING Slow query detected
2026-08-01 18:18:17 WARNING Deprecated API endpoint called
2026-08-01 18:18:26 WARNING Deprecated API endpoint called
2026-08-01 18:22:34 ERROR Null pointer exception in payment module 
2026-08-01 18:23:31 ERROR Failed to connect to database
2026-08-01 18:28:17 INFO User logged out
2026-08-01 18:32:05 WARNING High memory usage
2026-08-01 18:33:00 INFO New user registered
2026-08-01 18:37:27 WARNING Slow query detected
2026-08-01 18:41:43 ERROR Null pointer exception in payment module 
2026-08-01 18:46:29 ERROR Failed to connect to database
2026-08-01 18:47:21 WARNING High memory usage
2026-08-01 18:48:08 ERROR Authentication token expired
2026-08-01 18:50:43 ERROR Authentication token expired
2026-08-01 18:51:13 WARNING High memory usage
2026-08-01 18:53:47 WARNING Slow query detected
2026-08-01 18:57:17 ERROR Authentication token expired
2026-08-01 18:58:12 ERROR Authentication token expired
2026-08-01 18:58:33 WARNING Deprecated API endpoint called
2026-08-01 18:58:46 ERROR Timeout on request
2026-08-01 19:00:01 INFO User logged out
2026-08-01 19:01:26 INFO Payment processed successfully
2026-08-01 19:03:42 INFO User viewed dashboard
2026-08-01 19:08:20 ERROR Timeout on request
2026-08-01 19:12:29 WARNING High memory usage
2026-08-01 19:14:08 ERROR Authentication token expired
2026-08-01 19:17:16 ERROR Timeout on request
2026-08-01 19:22:04 WARNING Slow query detected
2026-08-01 19:23:43 INFO User logged out
2026-08-01 19:27:47 ERROR Disk space critically low
2026-08-01 19:30:16 INFO New user registered
2026-08-01 19:32:16 ERROR Disk space critically low
2026-08-01 19:33:37 ERROR Failed to connect to database
2026-08-01 19:37:54 ERROR Null pointer exception in payment module 
2026-08-01 19:42:54 INFO User viewed dashboard
2026-08-01 19:43:38 ERROR Failed to connect to database
2026-08-01 19:45:46 ERROR Null pointer exception in payment module 
2026-08-01 19:47:11 ERROR Authentication token expired
2026-08-01 19:48:07 ERROR Authentication token expired
2026-08-01 19:52:45 ERROR Null pointer exception in payment module 
2026-08-01 19:55:17 ERROR Disk space critically low
2026-08-01 19:57:18 WARNING High memory usage
2026-08-01 20:00:35 WARNING Retry limit approaching
2026-08-01 20:03:14 ERROR Authentication token expired
2026-08-01 20:07:22 ERROR Failed to connect to database
2026-08-01 20:09:01 INFO User viewed dashboard
2026-08-01 20:10:41 ERROR Authentication token expired
2026-08-01 20:11:26 INFO User logged out
2026-08-01 20:16:16 WARNING Deprecated API endpoint called
2026-08-01 20:20:44 ERROR Null pointer exception in payment module 
2026-08-01 20:20:49 WARNING Slow query detected
2026-08-01 20:25:16 ERROR Timeout on request
2026-08-01 20:29:28 ERROR Null pointer exception in payment module 
2026-08-01 20:30:14 ERROR Failed to connect to database
2026-08-01 20:32:13 ERROR Disk space critically low
2026-08-01 20:33:08 WARNING Retry limit approaching
2026-08-01 20:35:16 ERROR Failed to connect to database
2026-08-01 20:36:29 ERROR Null pointer exception in payment module 
2026-08-01 20:36:36 ERROR Failed to connect to database
2026-08-01 20:36:55 WARNING Retry limit approaching
2026-08-01 20:41:25 ERROR Failed to connect to database
2026-08-01 20:45:56 INFO Payment processed successfully
2026-08-01 20:47:17 ERROR Authentication token expired
2026-08-01 20:49:03 INFO User logged out
2026-08-01 20:49:19 INFO New user registered
2026-08-01 20:51:33 ERROR Disk space critically low
2026-08-01 20:55:00 ERROR Failed to connect to database
2026-08-01 20:58:14 ERROR Disk space critically low
2026-08-01 20:59:43 WARNING Retry limit approaching
2026-08-01 21:03:57 ERROR Null pointer exception in payment module 
2026-08-01 21:08:55 WARNING Retry limit approaching
2026-08-01 21:10:41 INFO Payment processed successfully
2026-08-01 21:14:45 ERROR Failed to connect to database
2026-08-01 21:19:03 ERROR Disk space critically low
2026-08-01 21:20:50 ERROR Disk space critically low
2026-08-01 21:21:13 INFO User logged out
2026-08-01 21:21:25 ERROR Disk space critically low
2026-08-01 21:26:16 ERROR Timeout on request
2026-08-01 21:26:37 ERROR Authentication token expired
2026-08-01 21:28:04 WARNING Slow query detected
2026-08-01 21:28:29 ERROR Failed to connect to database
2026-08-01 21:31:53 WARNING Slow query detected
2026-08-01 21:35:05 ERROR Timeout on request
2026-08-01 21:35:42 WARNING Retry limit approaching
2026-08-01 21:37:50 INFO User logged out
2026-08-01 21:42:41 INFO Payment processed successfully
2026-08-01 21:43:56 ERROR Failed to connect to database
2026-08-01 21:45:00 WARNING Retry limit approaching
2026-08-01 21:49:54 INFO User logged out
2026-08-01 21:51:24 INFO New user registered
2026-08-01 21:51:30 ERROR Timeout on request
2026-08-01 21:52:54 WARNING Slow query detected
2026-08-01 21:57:53 ERROR Disk space critically low
2026-08-01 22:02:13 ERROR Timeout on request
2026-08-01 22:02:20 WARNING High memory usage
2026-08-01 22:05:34 ERROR Timeout on request
2026-08-01 22:06:15 ERROR Null pointer exception in payment module 
2026-08-01 22:07:14 INFO User logged out
2026-08-01 22:10:52 ERROR Null pointer exception in payment module 
2026-08-01 22:13:09 INFO User viewed dashboard
2026-08-01 22:14:18 ERROR Null pointer exception in payment module 
2026-08-01 22:17:41 INFO New user registered
2026-08-01 22:18:53 INFO User viewed dashboard
2026-08-01 22:19:31 ERROR Disk space critically low
2026-08-01 22:23:44 ERROR Authentication token expired
2026-08-01 22:24:40 ERROR Failed to connect to database
2026-08-01 22:28:58 WARNING Slow query detected
2026-08-01 22:29:36 ERROR Failed to connect to database
2026-08-01 22:30:15 WARNING Retry limit approaching
2026-08-01 22:31:54 ERROR Disk space critically low
2026-08-01 22:36:29 ERROR Null pointer exception in payment module 
2026-08-01 22:38:23 ERROR Disk space critically low
2026-08-01 22:40:45 WARNING Retry limit approaching
2026-08-01 22:42:49 ERROR Failed to connect to database
2026-08-01 22:47:47 ERROR Null pointer exception in payment module 
2026-08-01 22:50:45 ERROR Disk space critically low
2026-08-01 22:55:38 ERROR Timeout on request
2026-08-01 23:00:29 ERROR Disk space critically low
2026-08-01 23:02:00 ERROR Failed to connect to database
2026-08-01 23:05:05 ERROR Failed to connect to database
2026-08-01 23:09:15 ERROR Timeout on request
2026-08-01 23:13:52 INFO User viewed dashboard
2026-08-01 23:18:29 ERROR Disk space critically low
2026-08-01 23:19:19 ERROR Null pointer exception in payment module 
2026-08-01 23:19:47 WARNING Slow query detected
2026-08-01 23:22:03 ERROR Authentication token expired
2026-08-01 23:23:38 INFO User viewed dashboard
2026-08-01 23:25:40 INFO User logged in
2026-08-01 23:27:32 ERROR Null pointer exception in payment module 
2026-08-01 23:31:15 WARNING Retry limit approaching
2026-08-01 23:31:22 ERROR Null pointer exception in payment module 
2026-08-01 23:33:45 INFO New user registered
2026-08-01 23:38:16 INFO User viewed dashboard
2026-08-01 23:41:51 ERROR Null pointer exception in payment module 
2026-08-01 23:43:27 ERROR Null pointer exception in payment module 
2026-08-01 23:44:22 WARNING Slow query detected
2026-08-01 23:46:18 ERROR Authentication token expired
2026-08-01 23:47:31 ERROR Null pointer exception in payment module 
2026-08-01 23:47:33 ERROR Null pointer exception in payment module 
2026-08-01 23:50:32 ERROR Authentication token expired
2026-08-01 23:54:38 ERROR Timeout on request
2026-08-01 23:59:19 ERROR Failed to connect to database
2026-08-02 00:01:44 WARNING Deprecated API endpoint called
2026-08-02 00:04:03 INFO New user registered
2026-08-02 00:08:03 WARNING Slow query detected
2026-08-02 00:12:01 ERROR Authentication token expired
2026-08-02 00:14:53 ERROR Null pointer exception in payment module 
2026-08-02 00:19:43 WARNING Retry limit approaching
2026-08-02 00:23:29 WARNING High memory usage
2026-08-02 00:27:55 ERROR Null pointer exception in payment module 
2026-08-02 00:28:28 WARNING Deprecated API endpoint called
2026-08-02 00:28:44 INFO User viewed dashboard
2026-08-02 00:32:00 INFO Payment processed successfully
2026-08-02 00:34:12 WARNING Retry limit approaching
2026-08-02 00:34:25 ERROR Null pointer exception in payment module 
2026-08-02 00:37:55 ERROR Failed to connect to database
2026-08-02 00:39:56 WARNING Retry limit approaching
2026-08-02 00:40:33 INFO User viewed dashboard
2026-08-02 00:43:23 WARNING High memory usage
2026-08-02 00:43:24 ERROR Timeout on request
2026-08-02 00:46:42 INFO User viewed dashboard
2026-08-02 00:47:21 ERROR Timeout on request
2026-08-02 00:52:03 INFO Payment processed successfully
2026-08-02 00:54:49 WARNING Slow query detected
2026-08-02 00:59:32 WARNING Deprecated API endpoint called
2026-08-02 01:01:03 WARNING Retry limit approaching
2026-08-02 01:03:55 ERROR Null pointer exception in payment module 
2026-08-02 01:05:14 INFO Payment processed successfully
2026-08-02 01:05:26 INFO User viewed dashboard
2026-08-02 01:05:36 INFO User logged in
2026-08-02 01:07:34 ERROR Timeout on request
2026-08-02 01:07:54 ERROR Failed to connect to database
2026-08-02 01:12:41 ERROR Disk space critically low
2026-08-02 01:14:05 ERROR Disk space critically low
2026-08-02 01:14:09 WARNING Slow query detected
2026-08-02 01:14:29 INFO User logged out
2026-08-02 01:16:34 INFO User viewed dashboard
2026-08-02 01:18:40 INFO User logged in
2026-08-02 01:21:10 WARNING Slow query detected
2026-08-02 01:22:57 ERROR Failed to connect to database
2026-08-02 01:27:26 WARNING Slow query detected
2026-08-02 01:32:19 WARNING Deprecated API endpoint called
2026-08-02 01:37:17 INFO User logged in
2026-08-02 01:39:31 ERROR Failed to connect to database
2026-08-02 01:41:21 ERROR Failed to connect to database
2026-08-02 01:41:56 WARNING Slow query detected
2026-08-02 01:46:49 ERROR Failed to connect to database
2026-08-02 01:50:18 ERROR Authentication token expired
2026-08-02 01:50:22 ERROR Authentication token expired
2026-08-02 01:51:58 WARNING Deprecated API endpoint called
2026-08-02 01:55:22 ERROR Null pointer exception in payment module 
2026-08-02 01:55:52 ERROR Timeout on request
2026-08-02 01:56:15 INFO Payment processed successfully
2026-08-02 02:00:52 WARNING Retry limit approaching
2026-08-02 02:03:45 WARNING High memory usage
2026-08-02 02:06:06 INFO User viewed dashboard
2026-08-02 02:06:33 ERROR Authentication token expired
2026-08-02 02:08:40 ERROR Failed to connect to database
2026-08-02 02:13:40 WARNING Slow query detected
2026-08-02 02:15:50 ERROR Authentication token expired
2026-08-02 02:16:18 ERROR Null pointer exception in payment module 
2026-08-02 02:17:26 WARNING Retry limit approaching
2026-08-02 02:19:04 ERROR Failed to connect to database
2026-08-02 02:23:32 WARNING Retry limit approaching
2026-08-02 02:25:23 ERROR Authentication token expired
2026-08-02 02:26:23 ERROR Null pointer exception in payment module 
2026-08-02 02:29:28 ERROR Null pointer exception in payment module 
2026-08-02 02:30:43 ERROR Null pointer exception in payment module 
2026-08-02 02:34:15 ERROR Failed to connect to database
2026-08-02 02:35:09 WARNING Deprecated API endpoint called
2026-08-02 02:36:47 ERROR Authentication token expired
2026-08-02 02:37:52 ERROR Null pointer exception in payment module 
2026-08-02 02:42:04 INFO User logged in
2026-08-02 02:44:51 ERROR Authentication token expired
2026-08-02 02:48:08 WARNING High memory usage
2026-08-02 02:51:32 ERROR Failed to connect to database
2026-08-02 02:54:55 ERROR Null pointer exception in payment module 
2026-08-02 02:55:15 WARNING Deprecated API endpoint called
2026-08-02 02:58:31 ERROR Authentication token expired
2026-08-02 02:59:19 INFO User logged in
2026-08-02 03:03:33 ERROR Authentication token expired
2026-08-02 03:07:02 ERROR Failed to connect to database
2026-08-02 03:11:20 ERROR Null pointer exception in payment module 
2026-08-02 03:13:13 ERROR Timeout on request
2026-08-02 03:17:54 ERROR Authentication token expired
2026-08-02 03:20:59 ERROR Null pointer exception in payment module 
2026-08-02 03:22:54 WARNING High memory usage
2026-08-02 03:26:54 ERROR Disk space critically low
2026-08-02 03:28:35 ERROR Timeout on request
2026-08-02 03:30:05 INFO Payment processed successfully
2026-08-02 03:31:38 INFO User viewed dashboard
2026-08-02 03:36:05 ERROR Timeout on request
2026-08-02 03:38:02 ERROR Timeout on request
2026-08-02 03:42:29 ERROR Failed to connect to database
2026-08-02 03:43:45 ERROR Authentication token expired
2026-08-02 03:43:47 ERROR Disk space critically low
2026-08-02 03:46:36 WARNING Slow query detected
2026-08-02 03:47:22 WARNING Slow query detected
2026-08-02 03:49:27 ERROR Failed to connect to database
2026-08-02 03:53:33 ERROR Null pointer exception in payment module 
2026-08-02 03:55:42 ERROR Disk space critically low
2026-08-02 04:00:25 ERROR Disk space critically low
2026-08-02 04:01:09 ERROR Authentication token expired
2026-08-02 04:05:11 ERROR Failed to connect to database
2026-08-02 04:10:06 WARNING High memory usage
2026-08-02 04:11:51 INFO Payment processed successfully
2026-08-02 04:13:08 ERROR Disk space critically low
2026-08-02 04:13:52 ERROR Disk space critically low
2026-08-02 04:15:28 ERROR Failed to connect to database
2026-08-02 04:18:31 WARNING High memory usage
2026-08-02 04:22:53 ERROR Null pointer exception in payment module 
2026-08-02 04:25:46 ERROR Disk space critically low
2026-08-02 04:30:05 INFO User logged out
2026-08-02 04:32:05 ERROR Disk space critically low
2026-08-02 04:33:55 ERROR Authentication token expired
2026-08-02 04:34:06 ERROR Timeout on request
2026-08-02 04:36:38 WARNING High memory usage
2026-08-02 04:39:43 WARNING High memory usage
2026-08-02 04:44:38 ERROR Disk space critically low
2026-08-02 04:48:56 ERROR Authentication token expired
2026-08-02 04:49:52 ERROR Timeout on request
